
=== I01 [discovery] (wave 0, trunk I): Do the V12 anchors reproduce without modifying V12?
    -> LANDED in 0.2s wall, 0.0s child CPU

=== I02 [discovery] (wave 0, trunk I): Was V12's self comparator incompletely matched?
    -> LANDED in 0.1s wall, 0.0s child CPU

=== I03 [discovery] (wave 0, trunk I): Can entropy-and-distance-matched local priors be built?
    -> LANDED in 0.1s wall, 0.0s child CPU

=== I04 [discovery] (wave 0, trunk I): Are nested similarity factors independently live?
    -> LANDED in 0.1s wall, 0.0s child CPU

=== I05 [discovery] (wave 0, trunk I): Does attention only select or weight evidence?
    -> LANDED in 0.1s wall, 0.0s child CPU

=== I06 [discovery] (wave 0, trunk I): Are cost dimensions independently realized?
    -> LANDED in 0.1s wall, 0.0s child CPU

=== I07 [discovery] (wave 0, trunk I): Are communicative goals surface-matched?
    -> LANDED in 0.1s wall, 0.0s child CPU

=== I08 [discovery] (wave 0, trunk I): Are goal, source reliability, content evidence, and uptake separable?
    -> LANDED in 0.1s wall, 0.0s child CPU

=== I09 [discovery] (wave 0, trunk I): Is the central/shared-brief rival genuinely equivalent?
    -> LANDED in 0.1s wall, 0.0s child CPU

=== I10 [discovery] (wave 0, trunk I): Where do exact and PyMDP paths diverge?
    -> LANDED in 0.1s wall, 0.0s child CPU

=== I11 [discovery] (wave 0, trunk I): Are no-information and false-correspondence nulls calibrated?
    -> LANDED in 0.1s wall, 0.0s child CPU

=== I12 [discovery] (wave 0, trunk I): Are seeds, lineages, hashes, caches and completion records reproducible?
    -> LANDED in 0.1s wall, 0.0s child CPU

=== I14 [discovery] (wave 0, trunk I): Do metamorphic and symmetry relations hold?
    -> LANDED in 0.1s wall, 0.0s child CPU

coverage: 13/132 mandatory resolved; states {'LANDED': 13, 'BUILT': 139}
